eeschema (2013-dec-23)-stable  >> Creation date: Mon 28 Jul 2014 10:25:31 PM MDT

#Cmp ( order = Value )
| 20pF         C6        
| 20pF         C7        
| 1uF          C3        
| 1uF          C4        
| 1uF          C5        
| 10uF         C1        
| 47uF         C8        
| 47uF         C9        
| 2200uF       C2        
| 2200uF       C10       
| 2200uF       C11       
| DFLS130L     D1        
| LED          D2        
| RGB_LED_COMMON_CATHODE D3        
| ATMEGA1284-A IC1       
| CONN_3       JP1       
| 22uH         L1        
| CONN_6       P1        
| CONN_6       P2        
| CONN_10      P3        
| CONN_13      P4        
| CONN_2       P5        
| CONN_9       P6        
| CONN_1       P7        
| BATT (4.8V-6V) P8        
| PROG         P9        
| CONN_6       P10       
| 1k           R1        
| 1k           R2        
| 1k           R3        
| 1k           R4        
| 1k           R5        
| 1k           R6        
| 1k           R7        
| 1k           R8        
| 1k           R9        
| 1k           R10       
| 1k           R11       
| FRNT LFT     S1        
| FRNT RGT     S2        
| MID LFT      S3        
| MID RGT      S4        
| REAR LFT     S5        
| REAR RGT     S6        
| DPDT         SW1       
| MCP1702      VR1       
| NCP1400A     VR2       
| CRYSTAL_RESONATOR X1        
| ZD 3v3       ZD1       
| ZD 3v3       ZD2       
#End Cmp

#End List
